// Jest Snapshot v1, https://goo.gl/fbAQLP

exports[`test matches the snapshot 1`] = `
<DocumentFragment>
  <div
    class="questions"
  >
    <button
      class="client"
    >
      Andy
    </button>
    <button
      class="client"
    >
      James
    </button>
    <button
      class="client"
    >
      Rick
    </button>
  </div>
</DocumentFragment>
`;
